// Jest Snapshot v1, https://goo.gl/fbAQLP

exports[`component race row should render race page with all element 1`] = `
<body>
  <div>
    <div
      class="page-status"
      data-testid="page-status"
    >
      <div
        data-testid="status-loading"
      >
        <div
          class="spinner-border text-primary"
        />
        <div>
          Loading...
        </div>
      </div>
    </div>
  </div>
</body>
`;
